I'm sorry, but errors were detected in your script. Please correct the
errors listed below, and try again.


File "game/screens.rpy", line 476: invalid syntax
        if persistent.playername == "iwannacake"
    

Ren'Py Version: Ren'Py 8.0.0.22062402
Tue Jul 30 19:31:08 2024
